ARM Linker, 4.1 [Build 894] [Standard][RL-ARM]

==============================================================================

Section Cross References

    eeprom.o(i.EE_Format) refers to stm32f0xx_flash.o(i.FLASH_ErasePage) for FLASH_ErasePage
    eeprom.o(i.EE_Format) refers to stm32f0xx_flash.o(i.FLASH_ProgramHalfWord) for FLASH_ProgramHalfWord
    eeprom.o(i.EE_Init) refers to stm32f0xx_flash.o(i.FLASH_ErasePage) for FLASH_ErasePage
    eeprom.o(i.EE_Init) refers to stm32f0xx_flash.o(i.FLASH_ProgramHalfWord) for FLASH_ProgramHalfWord
    eeprom.o(i.EE_Init) refers to eeprom.o(i.EE_Format) for EE_Format
    eeprom.o(i.EE_Init) refers to eeprom.o(i.EE_ReadVariable) for EE_ReadVariable
    eeprom.o(i.EE_Init) refers to eeprom.o(i.EE_VerifyPageFullWriteVariable) for EE_VerifyPageFullWriteVariable
    eeprom.o(i.EE_Init) refers to main.o(.data) for VirtAddVarTab
    eeprom.o(i.EE_Init) refers to eeprom.o(.data) for DataVar
    eeprom.o(i.EE_PageTransfer) refers to eeprom.o(i.EE_FindValidPage) for EE_FindValidPage
    eeprom.o(i.EE_PageTransfer) refers to stm32f0xx_flash.o(i.FLASH_ProgramHalfWord) for FLASH_ProgramHalfWord
    eeprom.o(i.EE_PageTransfer) refers to eeprom.o(i.EE_VerifyPageFullWriteVariable) for EE_VerifyPageFullWriteVariable
    eeprom.o(i.EE_PageTransfer) refers to eeprom.o(i.EE_ReadVariable) for EE_ReadVariable
    eeprom.o(i.EE_PageTransfer) refers to stm32f0xx_flash.o(i.FLASH_ErasePage) for FLASH_ErasePage
    eeprom.o(i.EE_PageTransfer) refers to main.o(.data) for VirtAddVarTab
    eeprom.o(i.EE_PageTransfer) refers to eeprom.o(.data) for DataVar
    eeprom.o(i.EE_ReadVariable) refers to eeprom.o(i.EE_FindValidPage) for EE_FindValidPage
    eeprom.o(i.EE_VerifyPageFullWriteVariable) refers to eeprom.o(i.EE_FindValidPage) for EE_FindValidPage
    eeprom.o(i.EE_VerifyPageFullWriteVariable) refers to stm32f0xx_flash.o(i.FLASH_ProgramHalfWord) for FLASH_ProgramHalfWord
    eeprom.o(i.EE_WriteVariable) refers to eeprom.o(i.EE_VerifyPageFullWriteVariable) for EE_VerifyPageFullWriteVariable
    eeprom.o(i.EE_WriteVariable) refers to eeprom.o(i.EE_PageTransfer) for EE_PageTransfer
    flash_eep.o(i.eep_init) refers to flash_eep.o(i.flash_init) for flash_init
    flash_eep.o(i.eep_read16) refers to eeprom.o(i.EE_ReadVariable) for EE_ReadVariable
    flash_eep.o(i.eep_read32) refers to eeprom.o(i.EE_ReadVariable) for EE_ReadVariable
    flash_eep.o(i.eep_write16) refers to eeprom.o(i.EE_WriteVariable) for EE_WriteVariable
    flash_eep.o(i.eep_write32) refers to eeprom.o(i.EE_WriteVariable) for EE_WriteVariable
    flash_eep.o(i.flash_init) refers to stm32f0xx_flash.o(i.FLASH_Unlock) for FLASH_Unlock
    flash_eep.o(i.flash_init) refers to eeprom.o(i.EE_Init) for EE_Init
    main.o(i.main) refers to main.o(i.systick_init) for systick_init
    main.o(i.main) refers to flash_eep.o(i.eep_init) for eep_init
    main.o(i.main) refers to cog12864.o(i.lcd_init) for lcd_init
    main.o(i.main) refers to key.o(i.key_init) for key_init
    main.o(i.main) refers to io.o(i.io_init) for io_init
    main.o(i.main) refers to pwm.o(i.pwm_init) for pwm_init
    main.o(i.main) refers to ntc.o(i.ntc_init) for ntc_init
    main.o(i.main) refers to key.o(i.key_scan) for key_scan
    main.o(i.main) refers to key.o(i.key_done) for key_done
    main.o(i.main) refers to main.o(.data) for time_1ms_flag
    main.o(i.systick_init) refers to uidiv.o(.text) for __aeabi_uidivmod
    main.o(i.systick_init) refers to main.o(i.NVIC_SetPriority) for NVIC_SetPriority
    main.o(i.systick_init) refers to system_stm32f0xx.o(.data) for SystemCoreClock
    stm32f0xx_it.o(i.SysTick_Handler) refers to idiv.o(.text) for __aeabi_idivmod
    stm32f0xx_it.o(i.SysTick_Handler) refers to stm32f0xx_it.o(.data) for i
    stm32f0xx_it.o(i.SysTick_Handler) refers to main.o(.data) for time_1ms_flag
    system_stm32f0xx.o(i.SystemCoreClockUpdate) refers to uidiv.o(.text) for __aeabi_uidivmod
    system_stm32f0xx.o(i.SystemCoreClockUpdate) refers to system_stm32f0xx.o(.data) for SystemCoreClock
    system_stm32f0xx.o(i.SystemInit) refers to system_stm32f0xx.o(i.SetSysClock) for SetSysClock
    cog12864.o(i.lcd_fill) refers to cog12864.o(i.lcd_write_cmd) for lcd_write_cmd
    cog12864.o(i.lcd_fill) refers to cog12864.o(i.lcd_write_dat) for lcd_write_dat
    cog12864.o(i.lcd_goto_xy) refers to cog12864.o(i.lcd_write_cmd) for lcd_write_cmd
    cog12864.o(i.lcd_init) refers to cog12864.o(i.lcd_io_init) for lcd_io_init
    cog12864.o(i.lcd_init) refers to cog12864.o(i.mdelay) for mdelay
    cog12864.o(i.lcd_init) refers to cog12864.o(i.lcd_write_cmd) for lcd_write_cmd
    cog12864.o(i.lcd_init) refers to cog12864.o(i.lcd_fill) for lcd_fill
    cog12864.o(i.lcd_io_init) refers to stm32f0xx_rcc.o(i.RCC_AHBPeriphClockCmd) for RCC_AHBPeriphClockCmd
    cog12864.o(i.lcd_io_init) refers to stm32f0xx_gpio.o(i.GPIO_Init) for GPIO_Init
    cog12864.o(i.lcd_write_ch) refers to cog12864.o(i.lcd_goto_xy) for lcd_goto_xy
    cog12864.o(i.lcd_write_ch) refers to cog12864.o(i.lcd_write_dat) for lcd_write_dat
    cog12864.o(i.lcd_write_ch) refers to main.o(.data) for hanzi
    cog12864.o(i.lcd_write_cmd) refers to cog12864.o(i.udelay) for udelay
    cog12864.o(i.lcd_write_dat) refers to cog12864.o(i.udelay) for udelay
    cog12864.o(i.lcd_write_en) refers to cog12864.o(i.lcd_goto_xy) for lcd_goto_xy
    cog12864.o(i.lcd_write_en) refers to cog12864.o(i.lcd_write_dat) for lcd_write_dat
    cog12864.o(i.lcd_write_en) refers to main.o(.data) for shuzi
    key.o(i.key_done) refers to main.o(.bss) for key_flag
    key.o(i.key_init) refers to stm32f0xx_rcc.o(i.RCC_AHBPeriphClockCmd) for RCC_AHBPeriphClockCmd
    key.o(i.key_init) refers to stm32f0xx_gpio.o(i.GPIO_Init) for GPIO_Init
    key.o(i.key_scan) refers to main.o(.bss) for key_val
    io.o(i.io_init) refers to stm32f0xx_rcc.o(i.RCC_AHBPeriphClockCmd) for RCC_AHBPeriphClockCmd
    io.o(i.io_init) refers to stm32f0xx_gpio.o(i.GPIO_Init) for GPIO_Init
    pwm.o(i.pwm_init) refers to stm32f0xx_rcc.o(i.RCC_AHBPeriphClockCmd) for RCC_AHBPeriphClockCmd
    pwm.o(i.pwm_init) refers to stm32f0xx_rcc.o(i.RCC_APB1PeriphClockCmd) for RCC_APB1PeriphClockCmd
    pwm.o(i.pwm_init) refers to stm32f0xx_gpio.o(i.GPIO_Init) for GPIO_Init
    pwm.o(i.pwm_init) refers to stm32f0xx_gpio.o(i.GPIO_PinAFConfig) for GPIO_PinAFConfig
    pwm.o(i.pwm_init) refers to stm32f0xx_tim.o(i.TIM_TimeBaseInit) for TIM_TimeBaseInit
    pwm.o(i.pwm_init) refers to stm32f0xx_tim.o(i.TIM_OC3Init) for TIM_OC3Init
    pwm.o(i.pwm_init) refers to stm32f0xx_tim.o(i.TIM_OC3PreloadConfig) for TIM_OC3PreloadConfig
    pwm.o(i.pwm_init) refers to stm32f0xx_tim.o(i.TIM_Cmd) for TIM_Cmd
    pwm.o(i.pwm_init) refers to stm32f0xx_tim.o(i.TIM_ARRPreloadConfig) for TIM_ARRPreloadConfig
    pwm.o(i.pwm_set) refers to stm32f0xx_tim.o(i.TIM_SetCompare3) for TIM_SetCompare3
    ntc.o(i.adc_convert) refers to stm32f0xx_adc.o(i.ADC_StartOfConversion) for ADC_StartOfConversion
    ntc.o(i.adc_convert) refers to uidiv.o(.text) for __aeabi_uidivmod
    ntc.o(i.adc_convert) refers to ntc.o(i.ntc_temp_get) for ntc_temp_get
    ntc.o(i.adc_convert) refers to main.o(.bss) for adc_dma_buf
    ntc.o(i.adc_convert) refers to ntc.o(.data) for ntc_sum
    ntc.o(i.adc_convert) refers to main.o(.data) for hot_enable
    ntc.o(i.ntc_init) refers to stm32f0xx_rcc.o(i.RCC_AHBPeriphClockCmd) for RCC_AHBPeriphClockCmd
    ntc.o(i.ntc_init) refers to stm32f0xx_rcc.o(i.RCC_APB2PeriphClockCmd) for RCC_APB2PeriphClockCmd
    ntc.o(i.ntc_init) refers to stm32f0xx_gpio.o(i.GPIO_Init) for GPIO_Init
    ntc.o(i.ntc_init) refers to stm32f0xx_dma.o(i.DMA_Init) for DMA_Init
    ntc.o(i.ntc_init) refers to stm32f0xx_dma.o(i.DMA_Cmd) for DMA_Cmd
    ntc.o(i.ntc_init) refers to stm32f0xx_adc.o(i.ADC_DMARequestModeConfig) for ADC_DMARequestModeConfig
    ntc.o(i.ntc_init) refers to stm32f0xx_adc.o(i.ADC_Init) for ADC_Init
    ntc.o(i.ntc_init) refers to stm32f0xx_adc.o(i.ADC_ChannelConfig) for ADC_ChannelConfig
    ntc.o(i.ntc_init) refers to stm32f0xx_adc.o(i.ADC_DMACmd) for ADC_DMACmd
    ntc.o(i.ntc_init) refers to stm32f0xx_adc.o(i.ADC_GetCalibrationFactor) for ADC_GetCalibrationFactor
    ntc.o(i.ntc_init) refers to stm32f0xx_adc.o(i.ADC_Cmd) for ADC_Cmd
    ntc.o(i.ntc_init) refers to stm32f0xx_adc.o(i.ADC_GetFlagStatus) for ADC_GetFlagStatus
    ntc.o(i.ntc_init) refers to stm32f0xx_adc.o(i.ADC_StartOfConversion) for ADC_StartOfConversion
    ntc.o(i.ntc_init) refers to main.o(.bss) for adc_dma_buf
    ntc.o(i.ntc_temp_get) refers to ntc.o(.data) for ntc_base
    startup_stm32f0xx.o(RESET) refers to startup_stm32f0xx.o(STACK) for __initial_sp
    startup_stm32f0xx.o(RESET) refers to startup_stm32f0xx.o(.text) for Reset_Handler
    startup_stm32f0xx.o(RESET) refers to stm32f0xx_it.o(i.NMI_Handler) for NMI_Handler
    startup_stm32f0xx.o(RESET) refers to stm32f0xx_it.o(i.HardFault_Handler) for HardFault_Handler
    startup_stm32f0xx.o(RESET) refers to stm32f0xx_it.o(i.SVC_Handler) for SVC_Handler
    startup_stm32f0xx.o(RESET) refers to stm32f0xx_it.o(i.PendSV_Handler) for PendSV_Handler
    startup_stm32f0xx.o(RESET) refers to stm32f0xx_it.o(i.SysTick_Handler) for SysTick_Handler
    startup_stm32f0xx.o(.text) refers to system_stm32f0xx.o(i.SystemInit) for SystemInit
    startup_stm32f0xx.o(.text) refers to entry.o(.ARM.Collect$$$$00000000) for __main
    stm32f0xx_adc.o(i.ADC_DeInit) refers to stm32f0xx_rcc.o(i.RCC_APB2PeriphResetCmd) for RCC_APB2PeriphResetCmd
    stm32f0xx_flash.o(i.FLASH_EraseAllPages) refers to stm32f0xx_flash.o(i.FLASH_WaitForLastOperation) for FLASH_WaitForLastOperation
    stm32f0xx_flash.o(i.FLASH_ErasePage) refers to stm32f0xx_flash.o(i.FLASH_WaitForLastOperation) for FLASH_WaitForLastOperation
    stm32f0xx_flash.o(i.FLASH_OB_BOOTConfig) refers to stm32f0xx_flash.o(i.FLASH_WaitForLastOperation) for FLASH_WaitForLastOperation
    stm32f0xx_flash.o(i.FLASH_OB_EnableWRP) refers to stm32f0xx_flash.o(i.FLASH_WaitForLastOperation) for FLASH_WaitForLastOperation
    stm32f0xx_flash.o(i.FLASH_OB_Erase) refers to stm32f0xx_flash.o(i.FLASH_OB_GetRDP) for FLASH_OB_GetRDP
    stm32f0xx_flash.o(i.FLASH_OB_Erase) refers to stm32f0xx_flash.o(i.FLASH_WaitForLastOperation) for FLASH_WaitForLastOperation
    stm32f0xx_flash.o(i.FLASH_OB_RDPConfig) refers to stm32f0xx_flash.o(i.FLASH_WaitForLastOperation) for FLASH_WaitForLastOperation
    stm32f0xx_flash.o(i.FLASH_OB_SRAMParityConfig) refers to stm32f0xx_flash.o(i.FLASH_WaitForLastOperation) for FLASH_WaitForLastOperation
    stm32f0xx_flash.o(i.FLASH_OB_UserConfig) refers to stm32f0xx_flash.o(i.FLASH_WaitForLastOperation) for FLASH_WaitForLastOperation
    stm32f0xx_flash.o(i.FLASH_OB_VDDAConfig) refers to stm32f0xx_flash.o(i.FLASH_WaitForLastOperation) for FLASH_WaitForLastOperation
    stm32f0xx_flash.o(i.FLASH_OB_WriteUser) refers to stm32f0xx_flash.o(i.FLASH_WaitForLastOperation) for FLASH_WaitForLastOperation
    stm32f0xx_flash.o(i.FLASH_ProgramHalfWord) refers to stm32f0xx_flash.o(i.FLASH_WaitForLastOperation) for FLASH_WaitForLastOperation
    stm32f0xx_flash.o(i.FLASH_ProgramOptionByteData) refers to stm32f0xx_flash.o(i.FLASH_WaitForLastOperation) for FLASH_WaitForLastOperation
    stm32f0xx_flash.o(i.FLASH_ProgramWord) refers to stm32f0xx_flash.o(i.FLASH_WaitForLastOperation) for FLASH_WaitForLastOperation
    stm32f0xx_flash.o(i.FLASH_WaitForLastOperation) refers to stm32f0xx_flash.o(i.FLASH_GetStatus) for FLASH_GetStatus
    stm32f0xx_gpio.o(i.GPIO_DeInit) refers to stm32f0xx_rcc.o(i.RCC_AHBPeriphResetCmd) for RCC_AHBPeriphResetCmd
    stm32f0xx_rcc.o(i.RCC_GetClocksFreq) refers to uidiv.o(.text) for __aeabi_uidivmod
    stm32f0xx_rcc.o(i.RCC_GetClocksFreq) refers to stm32f0xx_rcc.o(.data) for APBAHBPrescTable
    stm32f0xx_rcc.o(i.RCC_WaitForHSEStartUp) refers to stm32f0xx_rcc.o(i.RCC_GetFlagStatus) for RCC_GetFlagStatus
    stm32f0xx_tim.o(i.TIM_DeInit) refers to stm32f0xx_rcc.o(i.RCC_APB2PeriphResetCmd) for RCC_APB2PeriphResetCmd
    stm32f0xx_tim.o(i.TIM_DeInit) refers to stm32f0xx_rcc.o(i.RCC_APB1PeriphResetCmd) for RCC_APB1PeriphResetCmd
    stm32f0xx_tim.o(i.TIM_ETRClockMode1Config) refers to stm32f0xx_tim.o(i.TIM_ETRConfig) for TIM_ETRConfig
    stm32f0xx_tim.o(i.TIM_ETRClockMode2Config) refers to stm32f0xx_tim.o(i.TIM_ETRConfig) for TIM_ETRConfig
    stm32f0xx_tim.o(i.TIM_ICInit) refers to stm32f0xx_tim.o(i.TI1_Config) for TI1_Config
    stm32f0xx_tim.o(i.TIM_ICInit) refers to stm32f0xx_tim.o(i.TIM_SetIC1Prescaler) for TIM_SetIC1Prescaler
    stm32f0xx_tim.o(i.TIM_ICInit) refers to stm32f0xx_tim.o(i.TI2_Config) for TI2_Config
    stm32f0xx_tim.o(i.TIM_ICInit) refers to stm32f0xx_tim.o(i.TIM_SetIC2Prescaler) for TIM_SetIC2Prescaler
    stm32f0xx_tim.o(i.TIM_ICInit) refers to stm32f0xx_tim.o(i.TI3_Config) for TI3_Config
    stm32f0xx_tim.o(i.TIM_ICInit) refers to stm32f0xx_tim.o(i.TIM_SetIC3Prescaler) for TIM_SetIC3Prescaler
    stm32f0xx_tim.o(i.TIM_ICInit) refers to stm32f0xx_tim.o(i.TI4_Config) for TI4_Config
    stm32f0xx_tim.o(i.TIM_ICInit) refers to stm32f0xx_tim.o(i.TIM_SetIC4Prescaler) for TIM_SetIC4Prescaler
    stm32f0xx_tim.o(i.TIM_ITRxExternalClockConfig) refers to stm32f0xx_tim.o(i.TIM_SelectInputTrigger) for TIM_SelectInputTrigger
    stm32f0xx_tim.o(i.TIM_PWMIConfig) refers to stm32f0xx_tim.o(i.TI1_Config) for TI1_Config
    stm32f0xx_tim.o(i.TIM_PWMIConfig) refers to stm32f0xx_tim.o(i.TIM_SetIC1Prescaler) for TIM_SetIC1Prescaler
    stm32f0xx_tim.o(i.TIM_PWMIConfig) refers to stm32f0xx_tim.o(i.TI2_Config) for TI2_Config
    stm32f0xx_tim.o(i.TIM_PWMIConfig) refers to stm32f0xx_tim.o(i.TIM_SetIC2Prescaler) for TIM_SetIC2Prescaler
    stm32f0xx_tim.o(i.TIM_TIxExternalClockConfig) refers to stm32f0xx_tim.o(i.TI2_Config) for TI2_Config
    stm32f0xx_tim.o(i.TIM_TIxExternalClockConfig) refers to stm32f0xx_tim.o(i.TI1_Config) for TI1_Config
    stm32f0xx_tim.o(i.TIM_TIxExternalClockConfig) refers to stm32f0xx_tim.o(i.TIM_SelectInputTrigger) for TIM_SelectInputTrigger
    entry.o(.ARM.Collect$$$$00000000) refers (Special) to entry7b.o(.ARM.Collect$$$$00000008) for _main_clock
    entry.o(.ARM.Collect$$$$00000000) refers (Special) to entry8.o(.ARM.Collect$$$$00000009) for _main_init
    entry.o(.ARM.Collect$$$$00000000) refers (Special) to entry5.o(.ARM.Collect$$$$00000004) for _main_scatterload
    entry.o(.ARM.Collect$$$$00000000) refers (Special) to entry2.o(.ARM.Collect$$$$00000001) for _main_stk
    idiv.o(.text) refers to uidiv.o(.text) for __aeabi_uidivmod
    entry2.o(.ARM.Collect$$$$00000001) refers to entry2.o(.ARM.Collect$$$$00002712) for __lit__00000000
    entry2.o(.ARM.Collect$$$$00002712) refers to startup_stm32f0xx.o(STACK) for __initial_sp
    entry2.o(__vectab_stack_and_reset_area) refers to startup_stm32f0xx.o(STACK) for __initial_sp
    entry2.o(__vectab_stack_and_reset_area) refers to entry.o(.ARM.Collect$$$$00000000) for __main
    entry5.o(.ARM.Collect$$$$00000004) refers to init.o(.text) for __scatterload
    entry8.o(.ARM.Collect$$$$00000009) refers to main.o(i.main) for main
    init.o(.text) refers to entry5.o(.ARM.Collect$$$$00000004) for __main_after_scatterload


==============================================================================

Removing Unused input sections from the image.

    Removing eeprom.o(.emb_text), (8 bytes).
    Removing eeprom.o(i.EE_PageTransfer), (240 bytes).
    Removing eeprom.o(i.EE_WriteVariable), (36 bytes).
    Removing flash_eep.o(.emb_text), (8 bytes).
    Removing flash_eep.o(i.eep_read16), (28 bytes).
    Removing flash_eep.o(i.eep_read32), (56 bytes).
    Removing flash_eep.o(i.eep_write16), (22 bytes).
    Removing flash_eep.o(i.eep_write32), (38 bytes).
    Removing main.o(.emb_text), (8 bytes).
    Removing stm32f0xx_it.o(.emb_text), (8 bytes).
    Removing system_stm32f0xx.o(.emb_text), (8 bytes).
    Removing system_stm32f0xx.o(i.SystemCoreClockUpdate), (176 bytes).
    Removing cog12864.o(.emb_text), (8 bytes).
    Removing cog12864.o(i.lcd_goto_xy), (48 bytes).
    Removing cog12864.o(i.lcd_write_ch), (92 bytes).
    Removing cog12864.o(i.lcd_write_en), (92 bytes).
    Removing key.o(.emb_text), (8 bytes).
    Removing io.o(.emb_text), (8 bytes).
    Removing pwm.o(.emb_text), (8 bytes).
    Removing pwm.o(i.pwm_set), (32 bytes).
    Removing ntc.o(.emb_text), (8 bytes).
    Removing ntc.o(i.adc_convert), (176 bytes).
    Removing ntc.o(i.ntc_temp_get), (52 bytes).
    Removing ntc.o(.data), (410 bytes).
    Removing startup_stm32f0xx.o(HEAP), (512 bytes).
    Removing stm32f0xx_adc.o(.emb_text), (8 bytes).
    Removing stm32f0xx_adc.o(i.ADC_AnalogWatchdogCmd), (28 bytes).
    Removing stm32f0xx_adc.o(i.ADC_AnalogWatchdogSingleChannelCmd), (28 bytes).
    Removing stm32f0xx_adc.o(i.ADC_AnalogWatchdogSingleChannelConfig), (28 bytes).
    Removing stm32f0xx_adc.o(i.ADC_AnalogWatchdogThresholdsConfig), (8 bytes).
    Removing stm32f0xx_adc.o(i.ADC_AutoPowerOffCmd), (28 bytes).
    Removing stm32f0xx_adc.o(i.ADC_ClearFlag), (4 bytes).
    Removing stm32f0xx_adc.o(i.ADC_ClearITPendingBit), (4 bytes).
    Removing stm32f0xx_adc.o(i.ADC_ContinuousModeCmd), (28 bytes).
    Removing stm32f0xx_adc.o(i.ADC_DeInit), (32 bytes).
    Removing stm32f0xx_adc.o(i.ADC_DiscModeCmd), (28 bytes).
    Removing stm32f0xx_adc.o(i.ADC_GetConversionValue), (8 bytes).
    Removing stm32f0xx_adc.o(i.ADC_GetITStatus), (32 bytes).
    Removing stm32f0xx_adc.o(i.ADC_ITConfig), (20 bytes).
    Removing stm32f0xx_adc.o(i.ADC_JitterCmd), (20 bytes).
    Removing stm32f0xx_adc.o(i.ADC_OverrunModeCmd), (28 bytes).
    Removing stm32f0xx_adc.o(i.ADC_StopOfConversion), (10 bytes).
    Removing stm32f0xx_adc.o(i.ADC_StructInit), (16 bytes).
    Removing stm32f0xx_adc.o(i.ADC_TempSensorCmd), (40 bytes).
    Removing stm32f0xx_adc.o(i.ADC_VbatCmd), (40 bytes).
    Removing stm32f0xx_adc.o(i.ADC_VrefintCmd), (40 bytes).
    Removing stm32f0xx_adc.o(i.ADC_WaitModeCmd), (28 bytes).
    Removing stm32f0xx_dma.o(.emb_text), (8 bytes).
    Removing stm32f0xx_dma.o(i.DMA_ClearFlag), (12 bytes).
    Removing stm32f0xx_dma.o(i.DMA_ClearITPendingBit), (12 bytes).
    Removing stm32f0xx_dma.o(i.DMA_DeInit), (160 bytes).
    Removing stm32f0xx_dma.o(i.DMA_GetCurrDataCounter), (8 bytes).
    Removing stm32f0xx_dma.o(i.DMA_GetFlagStatus), (24 bytes).
    Removing stm32f0xx_dma.o(i.DMA_GetITStatus), (24 bytes).
    Removing stm32f0xx_dma.o(i.DMA_ITConfig), (20 bytes).
    Removing stm32f0xx_dma.o(i.DMA_SetCurrDataCounter), (4 bytes).
    Removing stm32f0xx_dma.o(i.DMA_StructInit), (26 bytes).
    Removing stm32f0xx_flash.o(.emb_text), (8 bytes).
    Removing stm32f0xx_flash.o(i.FLASH_ClearFlag), (12 bytes).
    Removing stm32f0xx_flash.o(i.FLASH_EraseAllPages), (72 bytes).
    Removing stm32f0xx_flash.o(i.FLASH_GetFlagStatus), (24 bytes).
    Removing stm32f0xx_flash.o(i.FLASH_GetPrefetchBufferStatus), (24 bytes).
    Removing stm32f0xx_flash.o(i.FLASH_ITConfig), (32 bytes).
    Removing stm32f0xx_flash.o(i.FLASH_Lock), (20 bytes).
    Removing stm32f0xx_flash.o(i.FLASH_OB_BOOTConfig), (80 bytes).
    Removing stm32f0xx_flash.o(i.FLASH_OB_EnableWRP), (120 bytes).
    Removing stm32f0xx_flash.o(i.FLASH_OB_Erase), (152 bytes).
    Removing stm32f0xx_flash.o(i.FLASH_OB_GetRDP), (24 bytes).
    Removing stm32f0xx_flash.o(i.FLASH_OB_GetUser), (16 bytes).
    Removing stm32f0xx_flash.o(i.FLASH_OB_GetWRP), (12 bytes).
    Removing stm32f0xx_flash.o(i.FLASH_OB_Launch), (20 bytes).
    Removing stm32f0xx_flash.o(i.FLASH_OB_Lock), (20 bytes).
    Removing stm32f0xx_flash.o(i.FLASH_OB_RDPConfig), (144 bytes).
    Removing stm32f0xx_flash.o(i.FLASH_OB_SRAMParityConfig), (80 bytes).
    Removing stm32f0xx_flash.o(i.FLASH_OB_Unlock), (36 bytes).
    Removing stm32f0xx_flash.o(i.FLASH_OB_UserConfig), (88 bytes).
    Removing stm32f0xx_flash.o(i.FLASH_OB_VDDAConfig), (80 bytes).
    Removing stm32f0xx_flash.o(i.FLASH_OB_WriteUser), (80 bytes).
    Removing stm32f0xx_flash.o(i.FLASH_PrefetchBufferCmd), (36 bytes).
    Removing stm32f0xx_flash.o(i.FLASH_ProgramOptionByteData), (72 bytes).
    Removing stm32f0xx_flash.o(i.FLASH_ProgramWord), (104 bytes).
    Removing stm32f0xx_flash.o(i.FLASH_SetLatency), (28 bytes).
    Removing stm32f0xx_gpio.o(.emb_text), (8 bytes).
    Removing stm32f0xx_gpio.o(i.GPIO_DeInit), (148 bytes).
    Removing stm32f0xx_gpio.o(i.GPIO_PinLockConfig), (22 bytes).
    Removing stm32f0xx_gpio.o(i.GPIO_ReadInputData), (6 bytes).
    Removing stm32f0xx_gpio.o(i.GPIO_ReadInputDataBit), (18 bytes).
    Removing stm32f0xx_gpio.o(i.GPIO_ReadOutputData), (6 bytes).
    Removing stm32f0xx_gpio.o(i.GPIO_ReadOutputDataBit), (18 bytes).
    Removing stm32f0xx_gpio.o(i.GPIO_ResetBits), (4 bytes).
    Removing stm32f0xx_gpio.o(i.GPIO_SetBits), (4 bytes).
    Removing stm32f0xx_gpio.o(i.GPIO_StructInit), (24 bytes).
    Removing stm32f0xx_gpio.o(i.GPIO_Write), (4 bytes).
    Removing stm32f0xx_gpio.o(i.GPIO_WriteBit), (12 bytes).
    Removing stm32f0xx_rcc.o(.emb_text), (8 bytes).
    Removing stm32f0xx_rcc.o(i.RCC_ADCCLKConfig), (56 bytes).
    Removing stm32f0xx_rcc.o(i.RCC_AHBPeriphResetCmd), (32 bytes).
    Removing stm32f0xx_rcc.o(i.RCC_APB1PeriphResetCmd), (32 bytes).
    Removing stm32f0xx_rcc.o(i.RCC_APB2PeriphResetCmd), (32 bytes).
    Removing stm32f0xx_rcc.o(i.RCC_AdjustHSI14CalibrationValue), (32 bytes).
    Removing stm32f0xx_rcc.o(i.RCC_AdjustHSICalibrationValue), (32 bytes).
    Removing stm32f0xx_rcc.o(i.RCC_BackupResetCmd), (40 bytes).
    Removing stm32f0xx_rcc.o(i.RCC_CECCLKConfig), (28 bytes).
    Removing stm32f0xx_rcc.o(i.RCC_ClearFlag), (20 bytes).
    Removing stm32f0xx_rcc.o(i.RCC_ClearITPendingBit), (12 bytes).
    Removing stm32f0xx_rcc.o(i.RCC_ClockSecuritySystemCmd), (40 bytes).
    Removing stm32f0xx_rcc.o(i.RCC_DeInit), (116 bytes).
    Removing stm32f0xx_rcc.o(i.RCC_GetClocksFreq), (364 bytes).
    Removing stm32f0xx_rcc.o(i.RCC_GetFlagStatus), (72 bytes).
    Removing stm32f0xx_rcc.o(i.RCC_GetITStatus), (24 bytes).
    Removing stm32f0xx_rcc.o(i.RCC_GetSYSCLKSource), (16 bytes).
    Removing stm32f0xx_rcc.o(i.RCC_HCLKConfig), (32 bytes).
    Removing stm32f0xx_rcc.o(i.RCC_HSEConfig), (16 bytes).
    Removing stm32f0xx_rcc.o(i.RCC_HSI14ADCRequestCmd), (36 bytes).
    Removing stm32f0xx_rcc.o(i.RCC_HSI14Cmd), (36 bytes).
    Removing stm32f0xx_rcc.o(i.RCC_HSICmd), (36 bytes).
    Removing stm32f0xx_rcc.o(i.RCC_I2CCLKConfig), (28 bytes).
    Removing stm32f0xx_rcc.o(i.RCC_ITConfig), (32 bytes).
    Removing stm32f0xx_rcc.o(i.RCC_LSEConfig), (40 bytes).
    Removing stm32f0xx_rcc.o(i.RCC_LSEDriveConfig), (28 bytes).
    Removing stm32f0xx_rcc.o(i.RCC_LSICmd), (36 bytes).
    Removing stm32f0xx_rcc.o(i.RCC_MCOConfig), (12 bytes).
    Removing stm32f0xx_rcc.o(i.RCC_PCLKConfig), (36 bytes).
    Removing stm32f0xx_rcc.o(i.RCC_PLLCmd), (40 bytes).
    Removing stm32f0xx_rcc.o(i.RCC_PLLConfig), (36 bytes).
    Removing stm32f0xx_rcc.o(i.RCC_PREDIV1Config), (28 bytes).
    Removing stm32f0xx_rcc.o(i.RCC_RTCCLKCmd), (40 bytes).
    Removing stm32f0xx_rcc.o(i.RCC_RTCCLKConfig), (16 bytes).
    Removing stm32f0xx_rcc.o(i.RCC_SYSCLKConfig), (28 bytes).
    Removing stm32f0xx_rcc.o(i.RCC_USARTCLKConfig), (28 bytes).
    Removing stm32f0xx_rcc.o(i.RCC_WaitForHSEStartUp), (52 bytes).
    Removing stm32f0xx_rcc.o(.data), (16 bytes).
    Removing stm32f0xx_tim.o(.emb_text), (8 bytes).
    Removing stm32f0xx_tim.o(i.TI1_Config), (56 bytes).
    Removing stm32f0xx_tim.o(i.TI2_Config), (76 bytes).
    Removing stm32f0xx_tim.o(i.TI3_Config), (72 bytes).
    Removing stm32f0xx_tim.o(i.TI4_Config), (80 bytes).
    Removing stm32f0xx_tim.o(i.TIM_BDTRConfig), (32 bytes).
    Removing stm32f0xx_tim.o(i.TIM_BDTRStructInit), (18 bytes).
    Removing stm32f0xx_tim.o(i.TIM_CCPreloadControl), (28 bytes).
    Removing stm32f0xx_tim.o(i.TIM_CCxCmd), (30 bytes).
    Removing stm32f0xx_tim.o(i.TIM_CCxNCmd), (30 bytes).
    Removing stm32f0xx_tim.o(i.TIM_ClearFlag), (6 bytes).
    Removing stm32f0xx_tim.o(i.TIM_ClearITPendingBit), (6 bytes).
    Removing stm32f0xx_tim.o(i.TIM_ClearOC1Ref), (24 bytes).
    Removing stm32f0xx_tim.o(i.TIM_ClearOC2Ref), (20 bytes).
    Removing stm32f0xx_tim.o(i.TIM_ClearOC3Ref), (24 bytes).
    Removing stm32f0xx_tim.o(i.TIM_ClearOC4Ref), (20 bytes).
    Removing stm32f0xx_tim.o(i.TIM_CounterModeConfig), (24 bytes).
    Removing stm32f0xx_tim.o(i.TIM_CtrlPWMOutputs), (34 bytes).
    Removing stm32f0xx_tim.o(i.TIM_DMACmd), (20 bytes).
    Removing stm32f0xx_tim.o(i.TIM_DMAConfig), (12 bytes).
    Removing stm32f0xx_tim.o(i.TIM_DeInit), (232 bytes).
    Removing stm32f0xx_tim.o(i.TIM_ETRClockMode1Config), (52 bytes).
    Removing stm32f0xx_tim.o(i.TIM_ETRClockMode2Config), (34 bytes).
    Removing stm32f0xx_tim.o(i.TIM_ETRConfig), (24 bytes).
    Removing stm32f0xx_tim.o(i.TIM_EncoderInterfaceConfig), (68 bytes).
    Removing stm32f0xx_tim.o(i.TIM_ForcedOC1Config), (24 bytes).
    Removing stm32f0xx_tim.o(i.TIM_ForcedOC2Config), (24 bytes).
    Removing stm32f0xx_tim.o(i.TIM_ForcedOC3Config), (24 bytes).
    Removing stm32f0xx_tim.o(i.TIM_ForcedOC4Config), (24 bytes).
    Removing stm32f0xx_tim.o(i.TIM_GenerateEvent), (4 bytes).
    Removing stm32f0xx_tim.o(i.TIM_GetCapture1), (6 bytes).
    Removing stm32f0xx_tim.o(i.TIM_GetCapture2), (6 bytes).
    Removing stm32f0xx_tim.o(i.TIM_GetCapture3), (6 bytes).
    Removing stm32f0xx_tim.o(i.TIM_GetCapture4), (6 bytes).
    Removing stm32f0xx_tim.o(i.TIM_GetCounter), (6 bytes).
    Removing stm32f0xx_tim.o(i.TIM_GetFlagStatus), (18 bytes).
    Removing stm32f0xx_tim.o(i.TIM_GetITStatus), (38 bytes).
    Removing stm32f0xx_tim.o(i.TIM_GetPrescaler), (6 bytes).
    Removing stm32f0xx_tim.o(i.TIM_ICInit), (112 bytes).
    Removing stm32f0xx_tim.o(i.TIM_ICStructInit), (18 bytes).
    Removing stm32f0xx_tim.o(i.TIM_ITConfig), (20 bytes).
    Removing stm32f0xx_tim.o(i.TIM_ITRxExternalClockConfig), (24 bytes).
    Removing stm32f0xx_tim.o(i.TIM_InternalClockConfig), (16 bytes).
    Removing stm32f0xx_tim.o(i.TIM_OC1FastConfig), (24 bytes).
    Removing stm32f0xx_tim.o(i.TIM_OC1Init), (148 bytes).
    Removing stm32f0xx_tim.o(i.TIM_OC1NPolarityConfig), (24 bytes).
    Removing stm32f0xx_tim.o(i.TIM_OC1PolarityConfig), (24 bytes).
    Removing stm32f0xx_tim.o(i.TIM_OC1PreloadConfig), (24 bytes).
    Removing stm32f0xx_tim.o(i.TIM_OC2FastConfig), (24 bytes).
    Removing stm32f0xx_tim.o(i.TIM_OC2Init), (156 bytes).
    Removing stm32f0xx_tim.o(i.TIM_OC2NPolarityConfig), (24 bytes).
    Removing stm32f0xx_tim.o(i.TIM_OC2PolarityConfig), (24 bytes).
    Removing stm32f0xx_tim.o(i.TIM_OC2PreloadConfig), (24 bytes).
    Removing stm32f0xx_tim.o(i.TIM_OC3FastConfig), (24 bytes).
    Removing stm32f0xx_tim.o(i.TIM_OC3NPolarityConfig), (24 bytes).
    Removing stm32f0xx_tim.o(i.TIM_OC3PolarityConfig), (24 bytes).
    Removing stm32f0xx_tim.o(i.TIM_OC4FastConfig), (24 bytes).
    Removing stm32f0xx_tim.o(i.TIM_OC4Init), (112 bytes).
    Removing stm32f0xx_tim.o(i.TIM_OC4PolarityConfig), (24 bytes).
    Removing stm32f0xx_tim.o(i.TIM_OC4PreloadConfig), (24 bytes).
    Removing stm32f0xx_tim.o(i.TIM_OCStructInit), (20 bytes).
    Removing stm32f0xx_tim.o(i.TIM_PWMIConfig), (124 bytes).
    Removing stm32f0xx_tim.o(i.TIM_PrescalerConfig), (6 bytes).
    Removing stm32f0xx_tim.o(i.TIM_RemapConfig), (6 bytes).
    Removing stm32f0xx_tim.o(i.TIM_SelectCCDMA), (28 bytes).
    Removing stm32f0xx_tim.o(i.TIM_SelectCOM), (28 bytes).
    Removing stm32f0xx_tim.o(i.TIM_SelectHallSensor), (28 bytes).
    Removing stm32f0xx_tim.o(i.TIM_SelectInputTrigger), (24 bytes).
    Removing stm32f0xx_tim.o(i.TIM_SelectMasterSlaveMode), (20 bytes).
    Removing stm32f0xx_tim.o(i.TIM_SelectOCREFClear), (20 bytes).
    Removing stm32f0xx_tim.o(i.TIM_SelectOCxM), (82 bytes).
    Removing stm32f0xx_tim.o(i.TIM_SelectOnePulseMode), (20 bytes).
    Removing stm32f0xx_tim.o(i.TIM_SelectOutputTrigger), (20 bytes).
    Removing stm32f0xx_tim.o(i.TIM_SelectSlaveMode), (20 bytes).
    Removing stm32f0xx_tim.o(i.TIM_SetAutoreload), (4 bytes).
    Removing stm32f0xx_tim.o(i.TIM_SetClockDivision), (20 bytes).
    Removing stm32f0xx_tim.o(i.TIM_SetCompare1), (4 bytes).
    Removing stm32f0xx_tim.o(i.TIM_SetCompare2), (4 bytes).
    Removing stm32f0xx_tim.o(i.TIM_SetCompare3), (4 bytes).
    Removing stm32f0xx_tim.o(i.TIM_SetCompare4), (4 bytes).
    Removing stm32f0xx_tim.o(i.TIM_SetCounter), (4 bytes).
    Removing stm32f0xx_tim.o(i.TIM_SetIC1Prescaler), (20 bytes).
    Removing stm32f0xx_tim.o(i.TIM_SetIC2Prescaler), (24 bytes).
    Removing stm32f0xx_tim.o(i.TIM_SetIC3Prescaler), (20 bytes).
    Removing stm32f0xx_tim.o(i.TIM_SetIC4Prescaler), (24 bytes).
    Removing stm32f0xx_tim.o(i.TIM_TIxExternalClockConfig), (58 bytes).
    Removing stm32f0xx_tim.o(i.TIM_TimeBaseStructInit), (18 bytes).
    Removing stm32f0xx_tim.o(i.TIM_UpdateDisableConfig), (28 bytes).
    Removing stm32f0xx_tim.o(i.TIM_UpdateRequestConfig), (28 bytes).

221 unused section(s) (total 9034 bytes) removed from the image.

==============================================================================

Image Symbol Table

    Local Symbols

    Symbol Name                              Value     Ov Type        Size  Object(Section)

    ../../../cmprslib/zerorunl2.c            0x00000000   Number         0  __dczerorl2.o ABSOLUTE
    ../../microlib/division.c                0x00000000   Number         0  idiv.o ABSOLUTE
    ../../microlib/division.c                0x00000000   Number         0  uidiv.o ABSOLUTE
    ../../microlib/init/entry.s              0x00000000   Number         0  entry8.o ABSOLUTE
    ../../microlib/init/entry.s              0x00000000   Number         0  entry7b.o ABSOLUTE
    ../../microlib/init/entry.s              0x00000000   Number         0  entry.o ABSOLUTE
    ../../microlib/init/entry.s              0x00000000   Number         0  entry7a.o ABSOLUTE
    ../../microlib/init/entry.s              0x00000000   Number         0  entry5.o ABSOLUTE
    ../../microlib/init/entry.s              0x00000000   Number         0  entry2.o ABSOLUTE
    ..\Libraries\CMSIS\Device\ST\STM32F0xx\Source\Templates\arm\startup_stm32f0xx.s 0x00000000   Number         0  startup_stm32f0xx.o ABSOLUTE
    ..\Libraries\STM32F0xx_StdPeriph_Driver\src\stm32f0xx_adc.c 0x00000000   Number         0  stm32f0xx_adc.o ABSOLUTE
    ..\Libraries\STM32F0xx_StdPeriph_Driver\src\stm32f0xx_dma.c 0x00000000   Number         0  stm32f0xx_dma.o ABSOLUTE
    ..\Libraries\STM32F0xx_StdPeriph_Driver\src\stm32f0xx_flash.c 0x00000000   Number         0  stm32f0xx_flash.o ABSOLUTE
    ..\Libraries\STM32F0xx_StdPeriph_Driver\src\stm32f0xx_gpio.c 0x00000000   Number         0  stm32f0xx_gpio.o ABSOLUTE
    ..\Libraries\STM32F0xx_StdPeriph_Driver\src\stm32f0xx_rcc.c 0x00000000   Number         0  stm32f0xx_rcc.o ABSOLUTE
    ..\Libraries\STM32F0xx_StdPeriph_Driver\src\stm32f0xx_tim.c 0x00000000   Number         0  stm32f0xx_tim.o ABSOLUTE
    ..\\Libraries\\STM32F0xx_StdPeriph_Driver\\src\\stm32f0xx_adc.c 0x00000000   Number         0  stm32f0xx_adc.o ABSOLUTE
    ..\\Libraries\\STM32F0xx_StdPeriph_Driver\\src\\stm32f0xx_dma.c 0x00000000   Number         0  stm32f0xx_dma.o ABSOLUTE
    ..\\Libraries\\STM32F0xx_StdPeriph_Driver\\src\\stm32f0xx_flash.c 0x00000000   Number         0  stm32f0xx_flash.o ABSOLUTE
    ..\\Libraries\\STM32F0xx_StdPeriph_Driver\\src\\stm32f0xx_gpio.c 0x00000000   Number         0  stm32f0xx_gpio.o ABSOLUTE
    ..\\Libraries\\STM32F0xx_StdPeriph_Driver\\src\\stm32f0xx_rcc.c 0x00000000   Number         0  stm32f0xx_rcc.o ABSOLUTE
    ..\\Libraries\\STM32F0xx_StdPeriph_Driver\\src\\stm32f0xx_tim.c 0x00000000   Number         0  stm32f0xx_tim.o ABSOLUTE
    ..\\usr\\cog12864.c                      0x00000000   Number         0  cog12864.o ABSOLUTE
    ..\\usr\\eeprom.c                        0x00000000   Number         0  eeprom.o ABSOLUTE
    ..\\usr\\flash_eep.c                     0x00000000   Number         0  flash_eep.o ABSOLUTE
    ..\\usr\\io.c                            0x00000000   Number         0  io.o ABSOLUTE
    ..\\usr\\key.c                           0x00000000   Number         0  key.o ABSOLUTE
    ..\\usr\\main.c                          0x00000000   Number         0  main.o ABSOLUTE
    ..\\usr\\ntc.c                           0x00000000   Number         0  ntc.o ABSOLUTE
    ..\\usr\\pwm.c                           0x00000000   Number         0  pwm.o ABSOLUTE
    ..\\usr\\stm32f0xx_it.c                  0x00000000   Number         0  stm32f0xx_it.o ABSOLUTE
    ..\\usr\\system_stm32f0xx.c              0x00000000   Number         0  system_stm32f0xx.o ABSOLUTE
    ..\usr\cog12864.c                        0x00000000   Number         0  cog12864.o ABSOLUTE
    ..\usr\eeprom.c                          0x00000000   Number         0  eeprom.o ABSOLUTE
    ..\usr\flash_eep.c                       0x00000000   Number         0  flash_eep.o ABSOLUTE
    ..\usr\io.c                              0x00000000   Number         0  io.o ABSOLUTE
    ..\usr\key.c                             0x00000000   Number         0  key.o ABSOLUTE
    ..\usr\main.c                            0x00000000   Number         0  main.o ABSOLUTE
    ..\usr\ntc.c                             0x00000000   Number         0  ntc.o ABSOLUTE
    ..\usr\pwm.c                             0x00000000   Number         0  pwm.o ABSOLUTE
    ..\usr\stm32f0xx_it.c                    0x00000000   Number         0  stm32f0xx_it.o ABSOLUTE
    ..\usr\system_stm32f0xx.c                0x00000000   Number         0  system_stm32f0xx.o ABSOLUTE
    dc.s                                     0x00000000   Number         0  dc.o ABSOLUTE
    handlers.s                               0x00000000   Number         0  handlers.o ABSOLUTE
    init.s                                   0x00000000   Number         0  init.o ABSOLUTE
    RESET                                    0x08000000   Section      192  startup_stm32f0xx.o(RESET)
    .ARM.Collect$$$$00000000                 0x080000c0   Section        0  entry.o(.ARM.Collect$$$$00000000)
    .ARM.Collect$$$$00000001                 0x080000c0   Section        4  entry2.o(.ARM.Collect$$$$00000001)
    .ARM.Collect$$$$00000004                 0x080000c4   Section        4  entry5.o(.ARM.Collect$$$$00000004)
    .ARM.Collect$$$$00000008                 0x080000c8   Section        0  entry7b.o(.ARM.Collect$$$$00000008)
    .ARM.Collect$$$$00000009                 0x080000c8   Section        8  entry8.o(.ARM.Collect$$$$00000009)
    .ARM.Collect$$$$00002712                 0x080000d0   Section        4  entry2.o(.ARM.Collect$$$$00002712)
    __lit__00000000                          0x080000d0   Data           4  entry2.o(.ARM.Collect$$$$00002712)
    .text                                    0x080000d4   Section       28  startup_stm32f0xx.o(.text)
    .text                                    0x080000f0   Section        0  uidiv.o(.text)
    .text                                    0x0800011c   Section        0  idiv.o(.text)
    .text                                    0x08000144   Section       36  init.o(.text)
    .text                                    0x08000168   Section        0  __dczerorl2.o(.text)
    i.ADC_ChannelConfig                      0x080001be   Section        0  stm32f0xx_adc.o(i.ADC_ChannelConfig)
    i.ADC_Cmd                                0x080001d6   Section        0  stm32f0xx_adc.o(i.ADC_Cmd)
    i.ADC_DMACmd                             0x080001ee   Section        0  stm32f0xx_adc.o(i.ADC_DMACmd)
    i.ADC_DMARequestModeConfig               0x08000206   Section        0  stm32f0xx_adc.o(i.ADC_DMARequestModeConfig)
    i.ADC_GetCalibrationFactor               0x08000216   Section        0  stm32f0xx_adc.o(i.ADC_GetCalibrationFactor)
    i.ADC_GetFlagStatus                      0x08000250   Section        0  stm32f0xx_adc.o(i.ADC_GetFlagStatus)
    i.ADC_Init                               0x0800027c   Section        0  stm32f0xx_adc.o(i.ADC_Init)
    i.ADC_StartOfConversion                  0x080002a8   Section        0  stm32f0xx_adc.o(i.ADC_StartOfConversion)
    i.DMA_Cmd                                0x080002b4   Section        0  stm32f0xx_dma.o(i.DMA_Cmd)
    i.DMA_Init                               0x080002d0   Section        0  stm32f0xx_dma.o(i.DMA_Init)
    i.EE_FindValidPage                       0x08000310   Section        0  eeprom.o(i.EE_FindValidPage)
    EE_FindValidPage                         0x08000311   Thumb Code    86  eeprom.o(i.EE_FindValidPage)
    i.EE_Format                              0x08000374   Section        0  eeprom.o(i.EE_Format)
    EE_Format                                0x08000375   Thumb Code    50  eeprom.o(i.EE_Format)
    i.EE_Init                                0x080003b0   Section        0  eeprom.o(i.EE_Init)
    i.EE_ReadVariable                        0x080005b0   Section        0  eeprom.o(i.EE_ReadVariable)
    i.EE_VerifyPageFullWriteVariable         0x0800061c   Section        0  eeprom.o(i.EE_VerifyPageFullWriteVariable)
    EE_VerifyPageFullWriteVariable           0x0800061d   Thumb Code    98  eeprom.o(i.EE_VerifyPageFullWriteVariable)
    i.FLASH_ErasePage                        0x0800068c   Section        0  stm32f0xx_flash.o(i.FLASH_ErasePage)
    i.FLASH_GetStatus                        0x080006d8   Section        0  stm32f0xx_flash.o(i.FLASH_GetStatus)
    i.FLASH_ProgramHalfWord                  0x08000710   Section        0  stm32f0xx_flash.o(i.FLASH_ProgramHalfWord)
    i.FLASH_Unlock                           0x08000754   Section        0  stm32f0xx_flash.o(i.FLASH_Unlock)
    i.FLASH_WaitForLastOperation             0x08000778   Section        0  stm32f0xx_flash.o(i.FLASH_WaitForLastOperation)
    i.GPIO_Init                              0x080007a0   Section        0  stm32f0xx_gpio.o(i.GPIO_Init)
    i.GPIO_PinAFConfig                       0x08000830   Section        0  stm32f0xx_gpio.o(i.GPIO_PinAFConfig)
    i.HardFault_Handler                      0x08000874   Section        0  stm32f0xx_it.o(i.HardFault_Handler)
    i.NMI_Handler                            0x08000878   Section        0  stm32f0xx_it.o(i.NMI_Handler)
    i.NVIC_SetPriority                       0x0800087c   Section        0  main.o(i.NVIC_SetPriority)
    NVIC_SetPriority                         0x0800087d   Thumb Code   110  main.o(i.NVIC_SetPriority)
    i.PendSV_Handler                         0x080008f4   Section        0  stm32f0xx_it.o(i.PendSV_Handler)
    i.RCC_AHBPeriphClockCmd                  0x080008f8   Section        0  stm32f0xx_rcc.o(i.RCC_AHBPeriphClockCmd)
    i.RCC_APB1PeriphClockCmd                 0x08000918   Section        0  stm32f0xx_rcc.o(i.RCC_APB1PeriphClockCmd)
    i.RCC_APB2PeriphClockCmd                 0x08000938   Section        0  stm32f0xx_rcc.o(i.RCC_APB2PeriphClockCmd)
    i.SVC_Handler                            0x08000958   Section        0  stm32f0xx_it.o(i.SVC_Handler)
    i.SetSysClock                            0x0800095c   Section        0  system_stm32f0xx.o(i.SetSysClock)
    SetSysClock                              0x0800095d   Thumb Code   182  system_stm32f0xx.o(i.SetSysClock)
    i.SysTick_Handler                        0x08000a1c   Section        0  stm32f0xx_it.o(i.SysTick_Handler)
    i.SystemInit                             0x08000a88   Section        0  system_stm32f0xx.o(i.SystemInit)
    i.TIM_ARRPreloadConfig                   0x08000b04   Section        0  stm32f0xx_tim.o(i.TIM_ARRPreloadConfig)
    i.TIM_Cmd                                0x08000b20   Section        0  stm32f0xx_tim.o(i.TIM_Cmd)
    i.TIM_OC3Init                            0x08000b3c   Section        0  stm32f0xx_tim.o(i.TIM_OC3Init)
    i.TIM_OC3PreloadConfig                   0x08000bd4   Section        0  stm32f0xx_tim.o(i.TIM_OC3PreloadConfig)
    i.TIM_TimeBaseInit                       0x08000bec   Section        0  stm32f0xx_tim.o(i.TIM_TimeBaseInit)
    i.__scatterload_copy                     0x08000c68   Section       14  handlers.o(i.__scatterload_copy)
    i.__scatterload_null                     0x08000c76   Section        2  handlers.o(i.__scatterload_null)
    i.__scatterload_zeroinit                 0x08000c78   Section       14  handlers.o(i.__scatterload_zeroinit)
    i.eep_init                               0x08000c86   Section        0  flash_eep.o(i.eep_init)
    i.flash_init                             0x08000c8e   Section        0  flash_eep.o(i.flash_init)
    i.io_init                                0x08000c9c   Section        0  io.o(i.io_init)
    i.key_done                               0x08000cdc   Section        0  key.o(i.key_done)
    i.key_init                               0x08000d60   Section        0  key.o(i.key_init)
    i.key_scan                               0x08000da4   Section        0  key.o(i.key_scan)
    i.lcd_fill                               0x08000e94   Section        0  cog12864.o(i.lcd_fill)
    i.lcd_init                               0x08000ecc   Section        0  cog12864.o(i.lcd_init)
    i.lcd_io_init                            0x08000f68   Section        0  cog12864.o(i.lcd_io_init)
    i.lcd_write_cmd                          0x08000f94   Section        0  cog12864.o(i.lcd_write_cmd)
    i.lcd_write_dat                          0x08000ffc   Section        0  cog12864.o(i.lcd_write_dat)
    i.main                                   0x08001064   Section        0  main.o(i.main)
    i.mdelay                                 0x080010d4   Section        0  cog12864.o(i.mdelay)
    i.ntc_init                               0x080010f0   Section        0  ntc.o(i.ntc_init)
    i.pwm_init                               0x080011e0   Section        0  pwm.o(i.pwm_init)
    i.systick_init                           0x0800127c   Section        0  main.o(i.systick_init)
    i.udelay                                 0x080012cc   Section        0  cog12864.o(i.udelay)
    .data                                    0x20000000   Section        2  eeprom.o(.data)
    .data                                    0x20000002   Section      353  main.o(.data)
    .data                                    0x20000164   Section        2  stm32f0xx_it.o(.data)
    i                                        0x20000164   Data           2  stm32f0xx_it.o(.data)
    .data                                    0x20000168   Section       20  system_stm32f0xx.o(.data)
    .bss                                     0x2000017c   Section       48  main.o(.bss)
    STACK                                    0x200001b0   Section     1024  startup_stm32f0xx.o(STACK)

    Global Symbols

    Symbol Name                              Value     Ov Type        Size  Object(Section)

    BuildAttributes$$THM_ISAv3M$S$PE$A:L22$X:L11$S22$IEEE1$IW$USESV6$~STKCKD$USESV7$~SHL$OSPACE$EBA8$MICROLIB$REQ8$PRES8$EABIv2 0x00000000   Number         0  anon$$obj.o ABSOLUTE
    __ARM_use_no_argv                        0x00000000   Number         0  main.o ABSOLUTE
    _clock_init                               - Undefined Weak Reference
    __Vectors_Size                           0x000000c0   Number         0  startup_stm32f0xx.o ABSOLUTE
    __Vectors                                0x08000000   Data           4  startup_stm32f0xx.o(RESET)
    __Vectors_End                            0x080000c0   Data           0  startup_stm32f0xx.o(RESET)
    __main                                   0x080000c1   Thumb Code     0  entry.o(.ARM.Collect$$$$00000000)
    _main_stk                                0x080000c1   Thumb Code     0  entry2.o(.ARM.Collect$$$$00000001)
    _main_scatterload                        0x080000c5   Thumb Code     0  entry5.o(.ARM.Collect$$$$00000004)
    __main_after_scatterload                 0x080000c9   Thumb Code     0  entry5.o(.ARM.Collect$$$$00000004)
    _main_clock                              0x080000c9   Thumb Code     0  entry7b.o(.ARM.Collect$$$$00000008)
    _main_init                               0x080000c9   Thumb Code     0  entry8.o(.ARM.Collect$$$$00000009)
    Reset_Handler                            0x080000d5   Thumb Code     8  startup_stm32f0xx.o(.text)
    ADC1_COMP_IRQHandler                     0x080000e7   Thumb Code     0  startup_stm32f0xx.o(.text)
    CEC_IRQHandler                           0x080000e7   Thumb Code     0  startup_stm32f0xx.o(.text)
    DMA1_Channel1_IRQHandler                 0x080000e7   Thumb Code     0  startup_stm32f0xx.o(.text)
    DMA1_Channel2_3_IRQHandler               0x080000e7   Thumb Code     0  startup_stm32f0xx.o(.text)
    DMA1_Channel4_5_IRQHandler               0x080000e7   Thumb Code     0  startup_stm32f0xx.o(.text)
    EXTI0_1_IRQHandler                       0x080000e7   Thumb Code     0  startup_stm32f0xx.o(.text)
    EXTI2_3_IRQHandler                       0x080000e7   Thumb Code     0  startup_stm32f0xx.o(.text)
    EXTI4_15_IRQHandler                      0x080000e7   Thumb Code     0  startup_stm32f0xx.o(.text)
    FLASH_IRQHandler                         0x080000e7   Thumb Code     0  startup_stm32f0xx.o(.text)
    I2C1_IRQHandler                          0x080000e7   Thumb Code     0  startup_stm32f0xx.o(.text)
    I2C2_IRQHandler                          0x080000e7   Thumb Code     0  startup_stm32f0xx.o(.text)
    PVD_IRQHandler                           0x080000e7   Thumb Code     0  startup_stm32f0xx.o(.text)
    RCC_IRQHandler                           0x080000e7   Thumb Code     0  startup_stm32f0xx.o(.text)
    RTC_IRQHandler                           0x080000e7   Thumb Code     0  startup_stm32f0xx.o(.text)
    SPI1_IRQHandler                          0x080000e7   Thumb Code     0  startup_stm32f0xx.o(.text)
    SPI2_IRQHandler                          0x080000e7   Thumb Code     0  startup_stm32f0xx.o(.text)
    TIM14_IRQHandler                         0x080000e7   Thumb Code     0  startup_stm32f0xx.o(.text)
    TIM15_IRQHandler                         0x080000e7   Thumb Code     0  startup_stm32f0xx.o(.text)
    TIM16_IRQHandler                         0x080000e7   Thumb Code     0  startup_stm32f0xx.o(.text)
    TIM17_IRQHandler                         0x080000e7   Thumb Code     0  startup_stm32f0xx.o(.text)
    TIM1_BRK_UP_TRG_COM_IRQHandler           0x080000e7   Thumb Code     0  startup_stm32f0xx.o(.text)
    TIM1_CC_IRQHandler                       0x080000e7   Thumb Code     0  startup_stm32f0xx.o(.text)
    TIM2_IRQHandler                          0x080000e7   Thumb Code     0  startup_stm32f0xx.o(.text)
    TIM3_IRQHandler                          0x080000e7   Thumb Code     0  startup_stm32f0xx.o(.text)
    TIM6_DAC_IRQHandler                      0x080000e7   Thumb Code     0  startup_stm32f0xx.o(.text)
    TS_IRQHandler                            0x080000e7   Thumb Code     0  startup_stm32f0xx.o(.text)
    USART1_IRQHandler                        0x080000e7   Thumb Code     0  startup_stm32f0xx.o(.text)
    USART2_IRQHandler                        0x080000e7   Thumb Code     0  startup_stm32f0xx.o(.text)
    WWDG_IRQHandler                          0x080000e7   Thumb Code     0  startup_stm32f0xx.o(.text)
    __aeabi_uidiv                            0x080000f1   Thumb Code     0  uidiv.o(.text)
    __aeabi_uidivmod                         0x080000f1   Thumb Code    44  uidiv.o(.text)
    __aeabi_idiv                             0x0800011d   Thumb Code     0  idiv.o(.text)
    __aeabi_idivmod                          0x0800011d   Thumb Code    40  idiv.o(.text)
    __scatterload                            0x08000145   Thumb Code    28  init.o(.text)
    __scatterload_rt2                        0x08000145   Thumb Code     0  init.o(.text)
    __decompress                             0x08000169   Thumb Code     0  __dczerorl2.o(.text)
    __decompress1                            0x08000169   Thumb Code    86  __dczerorl2.o(.text)
    ADC_ChannelConfig                        0x080001bf   Thumb Code    24  stm32f0xx_adc.o(i.ADC_ChannelConfig)
    ADC_Cmd                                  0x080001d7   Thumb Code    24  stm32f0xx_adc.o(i.ADC_Cmd)
    ADC_DMACmd                               0x080001ef   Thumb Code    24  stm32f0xx_adc.o(i.ADC_DMACmd)
    ADC_DMARequestModeConfig                 0x08000207   Thumb Code    16  stm32f0xx_adc.o(i.ADC_DMARequestModeConfig)
    ADC_GetCalibrationFactor                 0x08000217   Thumb Code    58  stm32f0xx_adc.o(i.ADC_GetCalibrationFactor)
    ADC_GetFlagStatus                        0x08000251   Thumb Code    44  stm32f0xx_adc.o(i.ADC_GetFlagStatus)
    ADC_Init                                 0x0800027d   Thumb Code    40  stm32f0xx_adc.o(i.ADC_Init)
    ADC_StartOfConversion                    0x080002a9   Thumb Code    10  stm32f0xx_adc.o(i.ADC_StartOfConversion)
    DMA_Cmd                                  0x080002b5   Thumb Code    24  stm32f0xx_dma.o(i.DMA_Cmd)
    DMA_Init                                 0x080002d1   Thumb Code    58  stm32f0xx_dma.o(i.DMA_Init)
    EE_Init                                  0x080003b1   Thumb Code   482  eeprom.o(i.EE_Init)
    EE_ReadVariable                          0x080005b1   Thumb Code    94  eeprom.o(i.EE_ReadVariable)
    FLASH_ErasePage                          0x0800068d   Thumb Code    72  stm32f0xx_flash.o(i.FLASH_ErasePage)
    FLASH_GetStatus                          0x080006d9   Thumb Code    50  stm32f0xx_flash.o(i.FLASH_GetStatus)
    FLASH_ProgramHalfWord                    0x08000711   Thumb Code    62  stm32f0xx_flash.o(i.FLASH_ProgramHalfWord)
    FLASH_Unlock                             0x08000755   Thumb Code    22  stm32f0xx_flash.o(i.FLASH_Unlock)
    FLASH_WaitForLastOperation               0x08000779   Thumb Code    40  stm32f0xx_flash.o(i.FLASH_WaitForLastOperation)
    GPIO_Init                                0x080007a1   Thumb Code   144  stm32f0xx_gpio.o(i.GPIO_Init)
    GPIO_PinAFConfig                         0x08000831   Thumb Code    68  stm32f0xx_gpio.o(i.GPIO_PinAFConfig)
    HardFault_Handler                        0x08000875   Thumb Code     4  stm32f0xx_it.o(i.HardFault_Handler)
    NMI_Handler                              0x08000879   Thumb Code     2  stm32f0xx_it.o(i.NMI_Handler)
    PendSV_Handler                           0x080008f5   Thumb Code     2  stm32f0xx_it.o(i.PendSV_Handler)
    RCC_AHBPeriphClockCmd                    0x080008f9   Thumb Code    28  stm32f0xx_rcc.o(i.RCC_AHBPeriphClockCmd)
    RCC_APB1PeriphClockCmd                   0x08000919   Thumb Code    28  stm32f0xx_rcc.o(i.RCC_APB1PeriphClockCmd)
    RCC_APB2PeriphClockCmd                   0x08000939   Thumb Code    28  stm32f0xx_rcc.o(i.RCC_APB2PeriphClockCmd)
    SVC_Handler                              0x08000959   Thumb Code     2  stm32f0xx_it.o(i.SVC_Handler)
    SysTick_Handler                          0x08000a1d   Thumb Code    88  stm32f0xx_it.o(i.SysTick_Handler)
    SystemInit                               0x08000a89   Thumb Code   110  system_stm32f0xx.o(i.SystemInit)
    TIM_ARRPreloadConfig                     0x08000b05   Thumb Code    24  stm32f0xx_tim.o(i.TIM_ARRPreloadConfig)
    TIM_Cmd                                  0x08000b21   Thumb Code    24  stm32f0xx_tim.o(i.TIM_Cmd)
    TIM_OC3Init                              0x08000b3d   Thumb Code   124  stm32f0xx_tim.o(i.TIM_OC3Init)
    TIM_OC3PreloadConfig                     0x08000bd5   Thumb Code    20  stm32f0xx_tim.o(i.TIM_OC3PreloadConfig)
    TIM_TimeBaseInit                         0x08000bed   Thumb Code    90  stm32f0xx_tim.o(i.TIM_TimeBaseInit)
    __scatterload_copy                       0x08000c69   Thumb Code    14  handlers.o(i.__scatterload_copy)
    __scatterload_null                       0x08000c77   Thumb Code     2  handlers.o(i.__scatterload_null)
    __scatterload_zeroinit                   0x08000c79   Thumb Code    14  handlers.o(i.__scatterload_zeroinit)
    eep_init                                 0x08000c87   Thumb Code     8  flash_eep.o(i.eep_init)
    flash_init                               0x08000c8f   Thumb Code    12  flash_eep.o(i.flash_init)
    io_init                                  0x08000c9d   Thumb Code    60  io.o(i.io_init)
    key_done                                 0x08000cdd   Thumb Code   128  key.o(i.key_done)
    key_init                                 0x08000d61   Thumb Code    62  key.o(i.key_init)
    key_scan                                 0x08000da5   Thumb Code   222  key.o(i.key_scan)
    lcd_fill                                 0x08000e95   Thumb Code    54  cog12864.o(i.lcd_fill)
    lcd_init                                 0x08000ecd   Thumb Code   152  cog12864.o(i.lcd_init)
    lcd_io_init                              0x08000f69   Thumb Code    44  cog12864.o(i.lcd_io_init)
    lcd_write_cmd                            0x08000f95   Thumb Code    98  cog12864.o(i.lcd_write_cmd)
    lcd_write_dat                            0x08000ffd   Thumb Code   100  cog12864.o(i.lcd_write_dat)
    main                                     0x08001065   Thumb Code    96  main.o(i.main)
    mdelay                                   0x080010d5   Thumb Code    26  cog12864.o(i.mdelay)
    ntc_init                                 0x080010f1   Thumb Code   218  ntc.o(i.ntc_init)
    pwm_init                                 0x080011e1   Thumb Code   140  pwm.o(i.pwm_init)
    systick_init                             0x0800127d   Thumb Code    66  main.o(i.systick_init)
    udelay                                   0x080012cd   Thumb Code    24  cog12864.o(i.udelay)
    Region$$Table$$Base                      0x080012e4   Number         0  anon$$obj.o(Region$$Table)
    Region$$Table$$Limit                     0x08001304   Number         0  anon$$obj.o(Region$$Table)
    DataVar                                  0x20000000   Data           2  eeprom.o(.data)
    time_1ms_flag                            0x20000002   Data           1  main.o(.data)
    time_10ms_flag                           0x20000003   Data           1  main.o(.data)
    time_100ms_flag                          0x20000004   Data           1  main.o(.data)
    time_1s_flag                             0x20000005   Data           1  main.o(.data)
    VirtAddVarTab                            0x20000006   Data          34  main.o(.data)
    shuzi                                    0x20000028   Data         120  main.o(.data)
    hanzi                                    0x200000a0   Data         192  main.o(.data)
    ntc_now                                  0x20000160   Data           1  main.o(.data)
    ntc_temp                                 0x20000161   Data           1  main.o(.data)
    hot_enable                               0x20000162   Data           1  main.o(.data)
    SystemCoreClock                          0x20000168   Data           4  system_stm32f0xx.o(.data)
    AHBPrescTable                            0x2000016c   Data          16  system_stm32f0xx.o(.data)
    key_val                                  0x2000017c   Data           9  main.o(.bss)
    key_num                                  0x20000186   Data          18  main.o(.bss)
    key_flag                                 0x20000198   Data           9  main.o(.bss)
    adc_dma_buf                              0x200001a2   Data          10  main.o(.bss)
    __initial_sp                             0x200005b0   Data           0  startup_stm32f0xx.o(STACK)



==============================================================================

Memory Map of the image

  Image Entry point : 0x080000c1

  Load Region LR_IROM1 (Base: 0x08000000, Size: 0x00001480, Max: 0x00008000, ABSOLUTE, COMPRESSED[0x0000141c])

    Execution Region ER_IROM1 (Base: 0x08000000, Size: 0x00001304, Max: 0x00008000, ABSOLUTE)

    Base Addr    Size         Type   Attr      Idx    E Section Name        Object

    0x08000000   0x000000c0   Data   RO          499    RESET               startup_stm32f0xx.o
    0x080000c0   0x00000000   Code   RO         1928  * .ARM.Collect$$$$00000000  mc_p.l(entry.o)
    0x080000c0   0x00000004   Code   RO         1935    .ARM.Collect$$$$00000001  mc_p.l(entry2.o)
    0x080000c4   0x00000004   Code   RO         1938    .ARM.Collect$$$$00000004  mc_p.l(entry5.o)
    0x080000c8   0x00000000   Code   RO         1940    .ARM.Collect$$$$00000008  mc_p.l(entry7b.o)
    0x080000c8   0x00000008   Code   RO         1941    .ARM.Collect$$$$00000009  mc_p.l(entry8.o)
    0x080000d0   0x00000004   Code   RO         1936    .ARM.Collect$$$$00002712  mc_p.l(entry2.o)
    0x080000d4   0x0000001c   Code   RO          500    .text               startup_stm32f0xx.o
    0x080000f0   0x0000002c   Code   RO         1931    .text               mc_p.l(uidiv.o)
    0x0800011c   0x00000028   Code   RO         1933    .text               mc_p.l(idiv.o)
    0x08000144   0x00000024   Code   RO         1942    .text               mc_p.l(init.o)
    0x08000168   0x00000056   Code   RO         1952    .text               mc_p.l(__dczerorl2.o)
    0x080001be   0x00000018   Code   RO          510    i.ADC_ChannelConfig  STM32f051.lib(stm32f0xx_adc.o)
    0x080001d6   0x00000018   Code   RO          513    i.ADC_Cmd           STM32f051.lib(stm32f0xx_adc.o)
    0x080001ee   0x00000018   Code   RO          515    i.ADC_DMACmd        STM32f051.lib(stm32f0xx_adc.o)
    0x08000206   0x00000010   Code   RO          516    i.ADC_DMARequestModeConfig  STM32f051.lib(stm32f0xx_adc.o)
    0x08000216   0x0000003a   Code   RO          519    i.ADC_GetCalibrationFactor  STM32f051.lib(stm32f0xx_adc.o)
    0x08000250   0x0000002c   Code   RO          521    i.ADC_GetFlagStatus  STM32f051.lib(stm32f0xx_adc.o)
    0x0800027c   0x0000002c   Code   RO          524    i.ADC_Init          STM32f051.lib(stm32f0xx_adc.o)
    0x080002a8   0x0000000a   Code   RO          527    i.ADC_StartOfConversion  STM32f051.lib(stm32f0xx_adc.o)
    0x080002b2   0x00000002   PAD
    0x080002b4   0x0000001c   Code   RO          773    i.DMA_Cmd           STM32f051.lib(stm32f0xx_dma.o)
    0x080002d0   0x00000040   Code   RO          779    i.DMA_Init          STM32f051.lib(stm32f0xx_dma.o)
    0x08000310   0x00000064   Code   RO            2    i.EE_FindValidPage  eeprom.o
    0x08000374   0x0000003c   Code   RO            3    i.EE_Format         eeprom.o
    0x080003b0   0x00000200   Code   RO            4    i.EE_Init           eeprom.o
    0x080005b0   0x0000006c   Code   RO            6    i.EE_ReadVariable   eeprom.o
    0x0800061c   0x00000070   Code   RO            7    i.EE_VerifyPageFullWriteVariable  eeprom.o
    0x0800068c   0x0000004c   Code   RO          849    i.FLASH_ErasePage   STM32f051.lib(stm32f0xx_flash.o)
    0x080006d8   0x00000038   Code   RO          852    i.FLASH_GetStatus   STM32f051.lib(stm32f0xx_flash.o)
    0x08000710   0x00000044   Code   RO          870    i.FLASH_ProgramHalfWord  STM32f051.lib(stm32f0xx_flash.o)
    0x08000754   0x00000024   Code   RO          874    i.FLASH_Unlock      STM32f051.lib(stm32f0xx_flash.o)
    0x08000778   0x00000028   Code   RO          875    i.FLASH_WaitForLastOperation  STM32f051.lib(stm32f0xx_flash.o)
    0x080007a0   0x00000090   Code   RO         1032    i.GPIO_Init         STM32f051.lib(stm32f0xx_gpio.o)
    0x08000830   0x00000044   Code   RO         1033    i.GPIO_PinAFConfig  STM32f051.lib(stm32f0xx_gpio.o)
    0x08000874   0x00000004   Code   RO          251    i.HardFault_Handler  stm32f0xx_it.o
    0x08000878   0x00000002   Code   RO          252    i.NMI_Handler       stm32f0xx_it.o
    0x0800087a   0x00000002   PAD
    0x0800087c   0x00000078   Code   RO          195    i.NVIC_SetPriority  main.o
    0x080008f4   0x00000002   Code   RO          253    i.PendSV_Handler    stm32f0xx_it.o
    0x080008f6   0x00000002   PAD
    0x080008f8   0x00000020   Code   RO         1120    i.RCC_AHBPeriphClockCmd  STM32f051.lib(stm32f0xx_rcc.o)
    0x08000918   0x00000020   Code   RO         1122    i.RCC_APB1PeriphClockCmd  STM32f051.lib(stm32f0xx_rcc.o)
    0x08000938   0x00000020   Code   RO         1124    i.RCC_APB2PeriphClockCmd  STM32f051.lib(stm32f0xx_rcc.o)
    0x08000958   0x00000002   Code   RO          254    i.SVC_Handler       stm32f0xx_it.o
    0x0800095a   0x00000002   PAD
    0x0800095c   0x000000c0   Code   RO          296    i.SetSysClock       system_stm32f0xx.o
    0x08000a1c   0x0000006c   Code   RO          255    i.SysTick_Handler   stm32f0xx_it.o
    0x08000a88   0x0000007c   Code   RO          298    i.SystemInit        system_stm32f0xx.o
    0x08000b04   0x0000001c   Code   RO         1369    i.TIM_ARRPreloadConfig  STM32f051.lib(stm32f0xx_tim.o)
    0x08000b20   0x0000001c   Code   RO         1381    i.TIM_Cmd           STM32f051.lib(stm32f0xx_tim.o)
    0x08000b3c   0x00000098   Code   RO         1420    i.TIM_OC3Init       STM32f051.lib(stm32f0xx_tim.o)
    0x08000bd4   0x00000018   Code   RO         1423    i.TIM_OC3PreloadConfig  STM32f051.lib(stm32f0xx_tim.o)
    0x08000bec   0x0000007c   Code   RO         1454    i.TIM_TimeBaseInit  STM32f051.lib(stm32f0xx_tim.o)
    0x08000c68   0x0000000e   Code   RO         1946    i.__scatterload_copy  mc_p.l(handlers.o)
    0x08000c76   0x00000002   Code   RO         1947    i.__scatterload_null  mc_p.l(handlers.o)
    0x08000c78   0x0000000e   Code   RO         1948    i.__scatterload_zeroinit  mc_p.l(handlers.o)
    0x08000c86   0x00000008   Code   RO          145    i.eep_init          flash_eep.o
    0x08000c8e   0x0000000c   Code   RO          150    i.flash_init        flash_eep.o
    0x08000c9a   0x00000002   PAD
    0x08000c9c   0x00000040   Code   RO          429    i.io_init           io.o
    0x08000cdc   0x00000084   Code   RO          400    i.key_done          key.o
    0x08000d60   0x00000044   Code   RO          401    i.key_init          key.o
    0x08000da4   0x000000f0   Code   RO          402    i.key_scan          key.o
    0x08000e94   0x00000036   Code   RO          329    i.lcd_fill          cog12864.o
    0x08000eca   0x00000002   PAD
    0x08000ecc   0x0000009c   Code   RO          331    i.lcd_init          cog12864.o
    0x08000f68   0x0000002c   Code   RO          332    i.lcd_io_init       cog12864.o
    0x08000f94   0x00000068   Code   RO          334    i.lcd_write_cmd     cog12864.o
    0x08000ffc   0x00000068   Code   RO          335    i.lcd_write_dat     cog12864.o
    0x08001064   0x00000070   Code   RO          196    i.main              main.o
    0x080010d4   0x0000001a   Code   RO          337    i.mdelay            cog12864.o
    0x080010ee   0x00000002   PAD
    0x080010f0   0x000000f0   Code   RO          468    i.ntc_init          ntc.o
    0x080011e0   0x0000009c   Code   RO          445    i.pwm_init          pwm.o
    0x0800127c   0x00000050   Code   RO          197    i.systick_init      main.o
    0x080012cc   0x00000018   Code   RO          338    i.udelay            cog12864.o
    0x080012e4   0x00000020   Data   RO         1944    Region$$Table       anon$$obj.o


    Execution Region RW_IRAM1 (Base: 0x20000000, Size: 0x000005b0, Max: 0x00001000, ABSOLUTE, COMPRESSED[0x00000118])

    Base Addr    Size         Type   Attr      Idx    E Section Name        Object

    0x20000000   0x00000002   Data   RW            9    .data               eeprom.o
    0x20000002   0x00000161   Data   RW          199    .data               main.o
    0x20000163   0x00000001   PAD
    0x20000164   0x00000002   Data   RW          256    .data               stm32f0xx_it.o
    0x20000166   0x00000002   PAD
    0x20000168   0x00000014   Data   RW          299    .data               system_stm32f0xx.o
    0x2000017c   0x00000030   Zero   RW          198    .bss                main.o
    0x200001ac   0x00000004   PAD
    0x200001b0   0x00000400   Zero   RW          497    STACK               startup_stm32f0xx.o


==============================================================================

Image component sizes


      Code (inc. data)   RO Data    RW Data    ZI Data      Debug   Object Name

       512         14          0          0          0       3066   cog12864.o
       892         82          0          2          0     132322   eeprom.o
        20          0          0          0          0        688   flash_eep.o
        64          4          0          0          0        390   io.o
       440         28          0          0          0       1301   key.o
       312         40          0        353         48       8005   main.o
       240         22          0          0          0        571   ntc.o
       156         16          0          0          0        523   pwm.o
        28          8        192          0       1024        628   startup_stm32f0xx.o
       118         20          0          2          0       1751   stm32f0xx_it.o
       316         24          0         20          0       1361   system_stm32f0xx.o

    ----------------------------------------------------------------------
      3110        258        224        380       1076     150606   Object Totals
         0          0         32          0          0          0   (incl. Generated)
        12          0          0          3          4          0   (incl. Padding)

    ----------------------------------------------------------------------

      Code (inc. data)   RO Data    RW Data    ZI Data      Debug   Library Member Name

       244          4          0          0          0     128840   stm32f0xx_adc.o
        92         10          0          0          0       1921   stm32f0xx_dma.o
       276         30          0          0          0       2748   stm32f0xx_flash.o
       212          0          0          0          0       1667   stm32f0xx_gpio.o
        96         12          0          0          0       1586   stm32f0xx_rcc.o
       356         74          0          0          0       3353   stm32f0xx_tim.o
        86          0          0          0          0          0   __dczerorl2.o
         0          0          0          0          0          0   entry.o
         8          4          0          0          0          0   entry2.o
         4          0          0          0          0          0   entry5.o
         0          0          0          0          0          0   entry7b.o
         8          4          0          0          0          0   entry8.o
        30          0          0          0          0          0   handlers.o
        40          0          0          0          0         72   idiv.o
        36          8          0          0          0         68   init.o
        44          0          0          0          0         72   uidiv.o

    ----------------------------------------------------------------------
      1534        146          0          0          0     140327   Library Totals
         2          0          0          0          0          0   (incl. Padding)

    ----------------------------------------------------------------------

      Code (inc. data)   RO Data    RW Data    ZI Data      Debug   Library Name

      1276        130          0          0          0     140115   STM32f051.lib
       256         16          0          0          0        212   mc_p.l

    ----------------------------------------------------------------------
      1534        146          0          0          0     140327   Library Totals

    ----------------------------------------------------------------------

==============================================================================


      Code (inc. data)   RO Data    RW Data    ZI Data      Debug   

      4644        404        224        380       1076     288593   Grand Totals
      4644        404        224        280       1076     288593   ELF Image Totals (compressed)
      4644        404        224        280          0          0   ROM Totals

==============================================================================

    Total RO  Size (Code + RO Data)                 4868 (   4.75kB)
    Total RW  Size (RW Data + ZI Data)              1456 (   1.42kB)
    Total ROM Size (Code + RO Data + RW Data)       5148 (   5.03kB)

==============================================================================

